../Core/Src/main.c:97:9:Read_Hall_Sensors	16	static
../Core/Src/main.c:125:6:Disable_Switches	8	static
../Core/Src/main.c:140:10:Throttle_mapping	16	static
../Core/Src/main.c:153:6:Step1	16	static
../Core/Src/main.c:163:6:Step2	16	static
../Core/Src/main.c:173:6:Step3	16	static
../Core/Src/main.c:183:6:Step4	16	static
../Core/Src/main.c:194:6:Step5	16	static
../Core/Src/main.c:205:6:Step6	16	static
../Core/Src/main.c:217:6:deadTimeDelay	16	static
../Core/Src/main.c:222:6:safeDisableOutputs	16	static
../Core/Src/main.c:229:6:Control_BLDC	16	static
../Core/Src/main.c:259:10:ADC_Sampling	24	static
../Core/Src/main.c:273:10:StartADC	16	static
../Core/Src/main.c:281:6:CheckState	16	static
../Core/Src/main.c:299:5:main	24	static
../Core/Src/main.c:383:6:SystemClock_Config	88	static
../Core/Src/main.c:430:13:MX_ADC1_Init	24	static
../Core/Src/main.c:477:13:MX_TIM1_Init	80	static
../Core/Src/main.c:550:13:MX_TIM2_Init	32	static
../Core/Src/main.c:597:13:MX_GPIO_Init	40	static
../Core/Src/main.c:628:6:Error_Handler	4	static,ignoring_inline_asm
